// Jest Snapshot v1, https://goo.gl/fbAQLP

exports[`snapshot tests Snapshot on <App /> | enzyme shallow 1`] = `ShallowWrapper {}`;

exports[`snapshot tests Snapshot on <App /> | react-test-renderer 1`] = `
.c3 {
  height: 50px;
  width: 200px;
  background-color: transparent;
  cursor: pointer;
  display: -webkit-box;
  display: -webkit-flex;
  display: -ms-flexbox;
  display: flex;
  -webkit-box-pack: center;
  -webkit-justify-content: center;
  -ms-flex-pack: center;
  justify-content: center;
  -webkit-align-items: center;
  -webkit-box-align: center;
  -ms-flex-align: center;
  align-items: center;
}

.c3:hover {
  background-color: #dfffff;
}

.c3 h2 {
  font-family: monospace;
}

.c4 {
  height: 50px;
  width: 200px;
  background-color: #61dafb;
  cursor: pointer;
  display: -webkit-box;
  display: -webkit-flex;
  display: -ms-flexbox;
  display: flex;
  -webkit-box-pack: center;
  -webkit-justify-content: center;
  -ms-flex-pack: center;
  justify-content: center;
  -webkit-align-items: center;
  -webkit-box-align: center;
  -ms-flex-align: center;
  align-items: center;
}

.c4:hover {
  background-color: #dfffff;
}

.c4 h2 {
  font-family: monospace;
}

.c5 {
  height: 50px;
  width: 200px;
  background-color: transparent;
  cursor: pointer;
  display: -webkit-box;
  display: -webkit-flex;
  display: -ms-flexbox;
  display: flex;
  -webkit-box-pack: center;
  -webkit-justify-content: center;
  -ms-flex-pack: center;
  justify-content: center;
  -webkit-align-items: center;
  -webkit-box-align: center;
  -ms-flex-align: center;
  align-items: center;
  box-shadow: grey 5px 5px;
  margin-bottom: 10px;
}

.c6 {
  height: 50px;
  width: 200px;
  background-color: #61dafb;
  cursor: pointer;
  display: -webkit-box;
  display: -webkit-flex;
  display: -ms-flexbox;
  display: flex;
  -webkit-box-pack: center;
  -webkit-justify-content: center;
  -ms-flex-pack: center;
  justify-content: center;
  -webkit-align-items: center;
  -webkit-box-align: center;
  -ms-flex-align: center;
  align-items: center;
}

.c0 {
  margin: 20px;
}

.c1 {
  background-color: #61dafb;
  border: none;
  border-bottom: 1px solid black;
  font-size: 20px;
  text-align: center;
}

.c2 {
  display: inline-block;
  margin-bottom: 15px;
  margin-left: 10px;
}

<div
  className="App"
>
  <div
    className="App-header"
  >
    <svg
      className="App-logo"
    >
      logo.svg
    </svg>
    <h2
      className="qa-header"
    >
      Convert kg to stone
    </h2>
  </div>
  <div
    className="c0"
  >
    <div
      className="c0"
    >
      <input
        className="c1"
        onChange={[Function]}
        type="number"
        value={0}
      />
       kg
    </div>
    <div
      className="c2"
    >
      <input
        className="c1"
        onChange={[Function]}
        type="number"
        value={0}
      />
       stone
    </div>
    <div
      className="c2"
    >
      <input
        className="qa-lbs-input c1"
        onChange={[Function]}
        type="number"
        value={0}
      />
       lbs
    </div>
  </div>
  <div
    className="c3"
  >
    <h2>
      Hello World
    </h2>
  </div>
  <div
    className="c4"
  >
    <h2>
      Goodbye Cruel World
    </h2>
  </div>
  <div
    className="c5"
  >
    Fancy pants child prop
  </div>
  <div
    className="c6"
  >
    Text is a child prop
  </div>
</div>
`;
